// Jest Snapshot v1, https://goo.gl/fbAQLP

exports[`Testing Header Test render() in Header 1`] = `ShallowWrapper {}`;
